Partial/Required: 48.46, Required:    400.0, Partial: 19382.74, Net: wb_rst_i, Pin: mprj/wb_rst_i, Layer: met3
Partial/Required: 35.11, Required:    400.0, Partial: 14042.46, Net: io_in[21], Pin: mprj/io_in[16], Layer: met3
Partial/Required: 33.88, Required:    400.0, Partial: 13553.67, Net: io_in[14], Pin: mprj/io_in[9], Layer: met4
Partial/Required: 32.04, Required:    400.0, Partial: 12817.26, Net: io_in[13], Pin: mprj/io_in[8], Layer: met4
Partial/Required: 30.20, Required:    400.0, Partial: 12080.85, Net: io_in[12], Pin: mprj/io_in[7], Layer: met4
Partial/Required: 28.37, Required:    400.0, Partial: 11349.98, Net: io_in[11], Pin: mprj/io_in[6], Layer: met4
Partial/Required: 26.53, Required:    400.0, Partial: 10613.58, Net: io_in[10], Pin: mprj/io_in[5], Layer: met4
Partial/Required: 24.69, Required:    400.0, Partial:  9877.17, Net: io_in[9], Pin: mprj/io_in[4], Layer: met4
Partial/Required: 22.87, Required:    400.0, Partial:   9146.3, Net: io_in[8], Pin: mprj/io_in[3], Layer: met4
Partial/Required: 21.88, Required:    400.0, Partial:  8750.01, Net: io_in[19], Pin: mprj/io_in[14], Layer: met3
Partial/Required: 21.02, Required:    400.0, Partial:  8409.89, Net: io_in[7], Pin: mprj/io_in[2], Layer: met4
Partial/Required: 19.18, Required:    400.0, Partial:  7673.49, Net: io_in[6], Pin: mprj/io_in[1], Layer: met4
Partial/Required: 17.25, Required:    400.0, Partial:  6900.28, Net: io_in[5], Pin: mprj/io_in[0], Layer: met4
Partial/Required: 14.15, Required:    400.0, Partial:  5658.42, Net: io_in[20], Pin: mprj/io_in[15], Layer: met3
Partial/Required: 14.15, Required:    400.0, Partial:  5658.42, Net: io_in[20], Pin: mprj/io_in[15], Layer: met3
Partial/Required:  7.53, Required:    400.0, Partial:  3012.19, Net: io_in[18], Pin: mprj/io_in[13], Layer: met3
Partial/Required:  7.53, Required:    400.0, Partial:  3012.19, Net: io_in[18], Pin: mprj/io_in[13], Layer: met3
Partial/Required:  7.00, Required:    400.0, Partial:  2799.06, Net: io_in[10], Pin: mprj/io_in[5], Layer: met3
Partial/Required:  6.98, Required:    400.0, Partial:  2791.57, Net: io_in[11], Pin: mprj/io_in[6], Layer: met3
Partial/Required:  6.96, Required:    400.0, Partial:  2784.08, Net: io_in[12], Pin: mprj/io_in[7], Layer: met3
Partial/Required:  6.96, Required:    400.0, Partial:  2784.08, Net: io_in[6], Pin: mprj/io_in[1], Layer: met3
Partial/Required:  6.44, Required:    400.0, Partial:  2575.32, Net: io_in[5], Pin: mprj/io_in[0], Layer: met3
Partial/Required:  4.88, Required:    400.0, Partial:  1951.84, Net: io_in[15], Pin: mprj/io_in[10], Layer: met3
Partial/Required:  4.22, Required:    400.0, Partial:  1688.14, Net: io_in[17], Pin: mprj/io_in[12], Layer: met3
Partial/Required:  4.22, Required:    400.0, Partial:  1688.14, Net: io_in[17], Pin: mprj/io_in[12], Layer: met3
